\BOOKMARK [0][-]{DTLrowi.2.1}{\376\377\000L\000E\000T\000T\000E\000R\000\040\000O\000F\000\040\000T\000R\000A\000N\000S\000M\000I\000T\000T\000A\000L}{}% 1
\BOOKMARK [0][-]{DTLrowi.5.1}{\376\377\000C\000A\000N\000D\000I\000D\000A\000T\000E\000S\000'\000\040\000D\000E\000C\000L\000A\000R\000A\000T\000I\000O\000N}{}% 2
\BOOKMARK [0][-]{DTLrowi.7.6}{\376\377\000C\000E\000R\000T\000I\000F\000I\000C\000A\000T\000I\000O\000N}{}% 3
\BOOKMARK [0][-]{DTLrowi.10.1}{\376\377\000A\000C\000K\000N\000O\000W\000L\000E\000D\000G\000E\000M\000E\000N\000T}{}% 4
\BOOKMARK [0][-]{Item.5}{\376\377\000A\000B\000S\000T\000R\000A\000C\000T}{}% 5
\BOOKMARK [0][-]{section*.5}{\376\377\000L\000i\000s\000t\000\040\000o\000f\000\040\000F\000i\000g\000u\000r\000e\000s}{}% 6
\BOOKMARK [0][-]{section*.6}{\376\377\000L\000i\000s\000t\000\040\000o\000f\000\040\000T\000a\000b\000l\000e\000s}{}% 7
\BOOKMARK [0][-]{chapter.1}{\376\377\000I\000n\000t\000r\000o\000d\000u\000c\000t\000i\000o\000n\000\040\000t\000o\000\040\000t\000h\000i\000s\000\040\000t\000e\000m\000p\000l\000a\000t\000e}{}% 8
\BOOKMARK [1][-]{section.1.1}{\376\377\000H\000o\000w\000\040\000t\000o\000\040\000u\000s\000e\000\040\000t\000h\000i\000s\000\040\000t\000e\000m\000p\000l\000a\000t\000e}{chapter.1}% 9
\BOOKMARK [0][-]{chapter.2}{\376\377\000T\000u\000t\000o\000r\000i\000a\000l\000\040\000o\000n\000\040\000s\000e\000t\000t\000i\000n\000g\000\040\000t\000h\000e\000\040\000R\000e\000s\000e\000a\000r\000c\000h\000\040\000D\000e\000t\000a\000i\000l\000s}{}% 10
\BOOKMARK [1][-]{section.2.1}{\376\377\000I\000n\000f\000o\000r\000m\000a\000t\000i\000o\000n\000\040\000F\000o\000l\000d\000e\000r}{chapter.2}% 11
\BOOKMARK [1][-]{section.2.2}{\376\377\000P\000r\000o\000l\000o\000g\000u\000e\000\040\000F\000o\000l\000d\000e\000r}{chapter.2}% 12
\BOOKMARK [0][-]{chapter.3}{\376\377\000T\000u\000t\000o\000r\000i\000a\000l\000\040\000o\000n\000\040\000U\000s\000i\000n\000g\000\040\000P\000i\000c\000t\000u\000r\000e\000s}{}% 13
\BOOKMARK [1][-]{section.3.1}{\376\377\000S\000i\000n\000g\000l\000e\000\040\000F\000i\000g\000u\000r\000e}{chapter.3}% 14
\BOOKMARK [1][-]{section.3.2}{\376\377\000M\000u\000l\000t\000i\000p\000l\000e\000\040\000F\000i\000g\000u\000r\000e}{chapter.3}% 15
\BOOKMARK [1][-]{section.3.3}{\376\377\000U\000s\000i\000n\000g\000\040\000.\000s\000v\000g\000\040\000f\000o\000r\000\040\000V\000e\000c\000t\000o\000r\000\040\000G\000r\000a\000p\000h\000i\000c\000s}{chapter.3}% 16
\BOOKMARK [1][-]{section.3.4}{\376\377\000M\000u\000l\000t\000i\000p\000l\000e\000\040\000.\000s\000v\000g\000\040\000F\000i\000g\000u\000r\000e\000s}{chapter.3}% 17
\BOOKMARK [0][-]{chapter.4}{\376\377\000A\000l\000g\000o\000r\000i\000t\000h\000m\000s\000\040\000f\000o\000r\000\040\000I\000M\000D\000b\000\040\000R\000a\000t\000i\000n\000g\000\040\000P\000r\000e\000d\000i\000c\000t\000i\000o\000n}{}% 18
\BOOKMARK [1][-]{section.4.1}{\376\377\000O\000v\000e\000r\000v\000i\000e\000w}{chapter.4}% 19
\BOOKMARK [1][-]{section.4.2}{\376\377\000R\000e\000f\000e\000r\000r\000i\000n\000g\000\040\000F\000u\000n\000c\000t\000i\000o\000n\000s\000\040\000a\000n\000d\000\040\000A\000l\000g\000o\000r\000i\000t\000h\000m\000s}{chapter.4}% 20
\BOOKMARK [1][-]{section.4.3}{\376\377\000S\000B\000E\000R\000T\000\040\000E\000m\000b\000e\000d\000d\000i\000n\000g\000\040\000G\000e\000n\000e\000r\000a\000t\000i\000o\000n}{chapter.4}% 21
\BOOKMARK [1][-]{section.4.4}{\376\377\000X\000G\000B\000o\000o\000s\000t\000\040\000M\000o\000d\000e\000l\000\040\000T\000r\000a\000i\000n\000i\000n\000g}{chapter.4}% 22
\BOOKMARK [1][-]{section.4.5}{\376\377\000C\000l\000a\000s\000s\000\040\000B\000a\000l\000a\000n\000c\000i\000n\000g}{chapter.4}% 23
\BOOKMARK [1][-]{section.4.6}{\376\377\000P\000e\000r\000f\000o\000r\000m\000a\000n\000c\000e\000\040\000M\000e\000t\000r\000i\000c\000s}{chapter.4}% 24
\BOOKMARK [1][-]{section.4.7}{\376\377\000C\000o\000m\000p\000l\000e\000t\000e\000\040\000S\000o\000u\000r\000c\000e\000\040\000C\000o\000d\000e}{chapter.4}% 25
\BOOKMARK [0][-]{chapter.5}{\376\377\000U\000s\000i\000n\000g\000\040\000C\000o\000d\000e\000s\000\040\000\046\000\040\000S\000c\000r\000i\000p\000t\000s}{}% 26
\BOOKMARK [1][-]{section.5.1}{\376\377\000C\000+\000+\000\040\000C\000o\000d\000e}{chapter.5}% 27
\BOOKMARK [1][-]{section.5.2}{\376\377\000P\000y\000t\000h\000o\000n\000\040\000C\000o\000d\000e\000-\000\040\000h\000a\000v\000i\000n\000g\000\040\000o\000n\000l\000y\000\040\000a\000\040\000p\000a\000r\000t\000\040\000o\000f\000\040\000t\000h\000e\000\040\000c\000o\000d\000e}{chapter.5}% 28
\BOOKMARK [1][-]{section.5.3}{\376\377\000J\000a\000v\000a\000\040\000C\000o\000d\000e\000-\000\040\000r\000e\000f\000e\000r\000i\000n\000g\000\040\000a\000\040\000c\000o\000d\000e}{chapter.5}% 29
\BOOKMARK [1][-]{section.5.4}{\376\377\000M\000a\000t\000l\000a\000b\000\040\000C\000o\000d\000e}{chapter.5}% 30
\BOOKMARK [0][-]{chapter.6}{\376\377\000T\000a\000b\000l\000e\000s}{}% 31
\BOOKMARK [1][-]{section.6.1}{\376\377\000T\000e\000x\000t\000\040\000p\000a\000r\000a\000g\000r\000a\000p\000h\000\040\000i\000n\000\040\000t\000a\000b\000l\000e}{chapter.6}% 32
\BOOKMARK [1][-]{section.6.2}{\376\377\000L\000o\000n\000g\000\040\000t\000a\000b\000l\000e}{chapter.6}% 33
\BOOKMARK [0][-]{chapter.7}{\376\377\000C\000i\000t\000a\000t\000i\000o\000n\000\040\000T\000u\000t\000o\000r\000i\000a\000l}{}% 34
\BOOKMARK [1][-]{section.7.1}{\376\377\000I\000n\000c\000l\000u\000d\000i\000n\000g\000\040\000r\000e\000f\000e\000r\000e\000n\000c\000e\000s}{chapter.7}% 35
\BOOKMARK [1][-]{section.7.2}{\376\377\000B\000i\000b\000i\000l\000o\000g\000r\000a\000p\000h\000y\000\040\000s\000t\000y\000l\000e}{chapter.7}% 36
\BOOKMARK [1][-]{section.7.3}{\376\377\000r\000e\000f\000e\000r\000e\000n\000c\000e\000s\000.\000b\000i\000b\000\040\000F\000i\000l\000e}{chapter.7}% 37
\BOOKMARK [1][-]{section.7.4}{\376\377\000H\000o\000w\000\040\000t\000o\000\040\000a\000d\000d\000\040\000r\000e\000f\000e\000r\000e\000n\000c\000e\000s\000\040\000i\000n\000\040\000.\000b\000i\000b\000\040\000f\000i\000l\000e}{chapter.7}% 38
\BOOKMARK [1][-]{section.7.5}{\376\377\000C\000i\000t\000i\000n\000g\000\040\000a\000\040\000w\000e\000b\000s\000i\000t\000e}{chapter.7}% 39
\BOOKMARK [0][-]{chapter.8}{\376\377\000C\000l\000e\000v\000e\000r\000\040\000r\000e\000f\000e\000r\000e\000n\000c\000e}{}% 40
\BOOKMARK [0][-]{Item.23}{\376\377\000R\000e\000f\000e\000r\000e\000n\000c\000e\000s}{}% 41
\BOOKMARK [0][-]{appendix.A}{\376\377\000A\000l\000g\000o\000r\000i\000t\000h\000m\000s\000\040\000f\000o\000r\000\040\000I\000M\000D\000b\000\040\000R\000a\000t\000i\000n\000g\000\040\000P\000r\000e\000d\000i\000c\000t\000i\000o\000n}{}% 42
\BOOKMARK [1][-]{section.A.1}{\376\377\000S\000B\000E\000R\000T\000\040\000E\000m\000b\000e\000d\000d\000i\000n\000g\000\040\000G\000e\000n\000e\000r\000a\000t\000i\000o\000n}{appendix.A}% 43
\BOOKMARK [1][-]{section.A.2}{\376\377\000X\000G\000B\000o\000o\000s\000t\000\040\000M\000o\000d\000e\000l\000\040\000T\000r\000a\000i\000n\000i\000n\000g}{appendix.A}% 44
\BOOKMARK [0][-]{appendix.B}{\376\377\000C\000o\000d\000e\000\040\000L\000i\000s\000t\000i\000n\000g\000s\000\040\000f\000o\000r\000\040\000I\000M\000D\000b\000\040\000R\000a\000t\000i\000n\000g\000\040\000P\000r\000e\000d\000i\000c\000t\000i\000o\000n}{}% 45
\BOOKMARK [1][-]{section.B.1}{\376\377\000S\000B\000E\000R\000T\000\040\000E\000m\000b\000e\000d\000d\000i\000n\000g\000\040\000G\000e\000n\000e\000r\000a\000t\000i\000o\000n}{appendix.B}% 46
\BOOKMARK [1][-]{section.B.2}{\376\377\000X\000G\000B\000o\000o\000s\000t\000\040\000M\000o\000d\000e\000l\000\040\000T\000r\000a\000i\000n\000i\000n\000g}{appendix.B}% 47
\BOOKMARK [1][-]{section.B.3}{\376\377\000P\000e\000r\000f\000o\000r\000m\000a\000n\000c\000e\000\040\000M\000e\000t\000r\000i\000c\000s}{appendix.B}% 48
\BOOKMARK [1][-]{section.B.4}{\376\377\000U\000s\000a\000g\000e\000\040\000E\000x\000a\000m\000p\000l\000e}{appendix.B}% 49
\BOOKMARK [1][-]{section.B.5}{\376\377\000D\000e\000p\000e\000n\000d\000e\000n\000c\000i\000e\000s}{appendix.B}% 50
